2026-07-30 17:28:54.479 [0x000004ec] INFO  LIFECYCLE - [TID-1785403734066-1ad85fb3] [code=SKU0001] 生命周期: PLC反馈落格(grid=001)
2026-07-30 17:28:55.204 [0x000004ec] INFO  LIFECYCLE - [TID-1785403734066-1ad85fb3] [code=SKU0002] 生命周期: PLC反馈落格(grid=002)
2026-07-30 17:28:55.404 [0x000004ec] INFO  LIFECYCLE - [TID-1785403734066-1ad85fb3] [code=SKU0003] 生命周期: PLC反馈落格(grid=003)
2026-07-30 17:28:55.605 [0x000004ec] INFO  LIFECYCLE - [TID-1785403734066-1ad85fb3] [code=SKU0004] 生命周期: PLC反馈落格(grid=004)
2026-07-30 17:28:55.805 [0x000004ec] INFO  LIFECYCLE - [TID-1785403734066-1ad85fb3] [code=SKU0005] 生命周期: PLC反馈落格(grid=005)
2026-07-30 17:28:56.005 [0x000004ec] INFO  LIFECYCLE - [TID-1785403734066-1ad85fb3] [code=SKU0006] 生命周期: PLC反馈落格(grid=006)
2026-07-30 17:28:56.206 [0x000004ec] INFO  LIFECYCLE - [TID-1785403734066-1ad85fb3] [code=SKU0007] 生命周期: PLC反馈落格(grid=007)
2026-07-30 17:28:56.406 [0x000004ec] INFO  LIFECYCLE - [TID-1785403734066-1ad85fb3] [code=SKU0008] 生命周期: PLC反馈落格(grid=008)
2026-07-30 17:28:56.607 [0x000004ec] INFO  LIFECYCLE - [TID-1785403734066-1ad85fb3] [code=SKU0009] 生命周期: PLC反馈落格(grid=009)
2026-07-30 17:28:56.807 [0x000004ec] INFO  LIFECYCLE - [TID-1785403734066-1ad85fb3] [code=SKU0010] 生命周期: PLC反馈落格(grid=010)
2026-07-30 17:28:58.009 [0x000004ec] INFO  LIFECYCLE - [TID-1785403734066-1ad85fb3] [code=SKU0001] 生命周期: PLC反馈落格(grid=001) → PLC反馈落格(grid=001)
2026-07-30 17:29:14.372 [0x000004ec] INFO  LIFECYCLE - [TID-1785403734066-1ad85fb3] [code=SKU0001] 生命周期: PLC反馈落格(grid=001) → PLC反馈落格(grid=001) → PLC反馈落格(grid=001)
2026-07-30 17:29:15.074 [0x000076f4] INFO  LIFECYCLE - [TID-1785403734479-e60569f2] [code=SKU0002] 生命周期: PLC反馈落格(grid=002) → PLC反馈落格(grid=002)
2026-07-30 17:29:15.274 [0x000076f4] INFO  LIFECYCLE - [TID-1785403734479-e60569f2] [code=SKU0003] 生命周期: PLC反馈落格(grid=003) → PLC反馈落格(grid=003)
2026-07-30 17:29:15.475 [0x000076f4] INFO  LIFECYCLE - [TID-1785403734479-e60569f2] [code=SKU0004] 生命周期: PLC反馈落格(grid=004) → PLC反馈落格(grid=004)
2026-07-30 17:29:15.675 [0x000076f4] INFO  LIFECYCLE - [TID-1785403734479-e60569f2] [code=SKU0005] 生命周期: PLC反馈落格(grid=005) → PLC反馈落格(grid=005)
2026-07-30 17:29:15.875 [0x000076f4] INFO  LIFECYCLE - [TID-1785403734479-e60569f2] [code=SKU0006] 生命周期: PLC反馈落格(grid=006) → PLC反馈落格(grid=006)
2026-07-30 17:29:16.076 [0x000076f4] INFO  LIFECYCLE - [TID-1785403734479-e60569f2] [code=SKU0007] 生命周期: PLC反馈落格(grid=007) → PLC反馈落格(grid=007)
2026-07-30 17:29:16.276 [0x000076f4] INFO  LIFECYCLE - [TID-1785403734479-e60569f2] [code=SKU0008] 生命周期: PLC反馈落格(grid=008) → PLC反馈落格(grid=008)
2026-07-30 17:29:16.476 [0x000076f4] INFO  LIFECYCLE - [TID-1785403734479-e60569f2] [code=SKU0009] 生命周期: PLC反馈落格(grid=009) → PLC反馈落格(grid=009)
2026-07-30 17:29:16.677 [0x000076f4] INFO  LIFECYCLE - [TID-1785403734479-e60569f2] [code=SKU0010] 生命周期: PLC反馈落格(grid=010) → PLC反馈落格(grid=010)
2026-07-30 17:29:17.879 [0x000004ec] INFO  LIFECYCLE - [TID-1785403734066-1ad85fb3] [code=SKU0001] 生命周期: PLC反馈落格(grid=001) → PLC反馈落格(grid=001) → PLC反馈落格(grid=001) → PLC反馈落格(grid=001)
2026-08-05 13:45:23.815 [0x0000b248] INFO  LIFECYCLE - [TID-1785908723815-936dce98] [code=WV00000001] 生命周期: PLC反馈落格(grid=002)
2026-08-05 13:45:23.817 [0x0000b248] INFO  LIFECYCLE - [TID-1785908723815-936dce98] [code=WV00000002] 生命周期: PLC反馈落格(grid=003)
2026-08-05 13:45:23.817 [0x0000b248] INFO  LIFECYCLE - [TID-1785908723815-936dce98] [code=WV00000003] 生命周期: PLC反馈落格(grid=004)
2026-08-05 13:45:23.817 [0x0000b248] INFO  LIFECYCLE - [TID-1785908723815-936dce98] [code=WV00000004] 生命周期: PLC反馈落格(grid=005)
2026-08-05 13:45:23.818 [0x0000b248] INFO  LIFECYCLE - [TID-1785908723815-936dce98] [code=WV00000005] 生命周期: PLC反馈落格(grid=006)
2026-08-05 13:45:23.818 [0x0000b248] INFO  LIFECYCLE - [TID-1785908723815-936dce98] [code=WV00000006] 生命周期: PLC反馈落格(grid=007)
2026-08-05 13:45:23.818 [0x0000b248] INFO  LIFECYCLE - [TID-1785908723815-936dce98] [code=WV00000007] 生命周期: PLC反馈落格(grid=008)
2026-08-05 13:45:23.818 [0x0000b248] INFO  LIFECYCLE - [TID-1785908723815-936dce98] [code=WV00000008] 生命周期: PLC反馈落格(grid=009)
2026-08-05 13:45:23.818 [0x0000b248] INFO  LIFECYCLE - [TID-1785908723815-936dce98] [code=WV00000009] 生命周期: PLC反馈落格(grid=010)
2026-08-05 13:45:23.818 [0x0000b248] INFO  LIFECYCLE - [TID-1785908723815-936dce98] [code=WV00000010] 生命周期: PLC反馈落格(grid=011)
2026-08-05 14:18:07.167 [0x00001014] INFO  LIFECYCLE - [TID-1785910687167-7df2384e] [code=WV00000001] 生命周期: PLC反馈落格(grid=002)
2026-08-05 14:18:07.167 [0x00001014] INFO  LIFECYCLE - [TID-1785910687167-7df2384e] [code=WV00000002] 生命周期: PLC反馈落格(grid=003)
2026-08-05 14:18:07.168 [0x00001014] INFO  LIFECYCLE - [TID-1785910687167-7df2384e] [code=WV00000003] 生命周期: PLC反馈落格(grid=004)
2026-08-05 14:18:07.168 [0x00001014] INFO  LIFECYCLE - [TID-1785910687167-7df2384e] [code=WV00000004] 生命周期: PLC反馈落格(grid=005)
2026-08-05 14:18:07.168 [0x00001014] INFO  LIFECYCLE - [TID-1785910687167-7df2384e] [code=WV00000005] 生命周期: PLC反馈落格(grid=006)
2026-08-05 14:18:07.168 [0x00001014] INFO  LIFECYCLE - [TID-1785910687167-7df2384e] [code=WV00000006] 生命周期: PLC反馈落格(grid=007)
2026-08-05 14:18:07.168 [0x00001014] INFO  LIFECYCLE - [TID-1785910687167-7df2384e] [code=WV00000007] 生命周期: PLC反馈落格(grid=008)
2026-08-05 14:18:07.168 [0x00001014] INFO  LIFECYCLE - [TID-1785910687167-7df2384e] [code=WV00000008] 生命周期: PLC反馈落格(grid=009)
2026-08-05 14:18:07.168 [0x00001014] INFO  LIFECYCLE - [TID-1785910687167-7df2384e] [code=WV00000009] 生命周期: PLC反馈落格(grid=010)
2026-08-05 14:18:07.168 [0x00001014] INFO  LIFECYCLE - [TID-1785910687167-7df2384e] [code=WV00000010] 生命周期: PLC反馈落格(grid=011)
2026-08-05 14:18:12.191 [0x00001014] INFO  LIFECYCLE - [TID-1785910687167-7df2384e] [code=WV00000003] 生命周期: PLC反馈落格(grid=004) → PLC反馈落格(grid=003)
2026-08-05 14:19:06.959 [0x0000e7e8] INFO  LIFECYCLE - [TID-1785910687164-e42a6f7a] [code=WV00000001] 生命周期: PLC反馈落格(grid=002) → PLC反馈落格(grid=001)
2026-08-05 17:02:48.880 [0x00006dc0] INFO  LIFECYCLE - [TID-1785920568878-6c80560d] [code=WV00000001] 生命周期: PLC反馈落格(grid=002)
2026-08-05 17:02:48.881 [0x00006dc0] INFO  LIFECYCLE - [TID-1785920568878-6c80560d] [code=WV00000002] 生命周期: PLC反馈落格(grid=003)
2026-08-05 17:02:48.881 [0x00006dc0] INFO  LIFECYCLE - [TID-1785920568878-6c80560d] [code=WV00000003] 生命周期: PLC反馈落格(grid=004)
2026-08-05 17:02:48.881 [0x00006dc0] INFO  LIFECYCLE - [TID-1785920568878-6c80560d] [code=WV00000004] 生命周期: PLC反馈落格(grid=005)
2026-08-05 17:02:48.881 [0x00006dc0] INFO  LIFECYCLE - [TID-1785920568878-6c80560d] [code=WV00000005] 生命周期: PLC反馈落格(grid=006)
2026-08-05 17:02:48.881 [0x00006dc0] INFO  LIFECYCLE - [TID-1785920568878-6c80560d] [code=WV00000006] 生命周期: PLC反馈落格(grid=007)
2026-08-05 17:02:48.881 [0x00006dc0] INFO  LIFECYCLE - [TID-1785920568878-6c80560d] [code=WV00000007] 生命周期: PLC反馈落格(grid=008)
2026-08-05 17:02:48.881 [0x00006dc0] INFO  LIFECYCLE - [TID-1785920568878-6c80560d] [code=WV00000008] 生命周期: PLC反馈落格(grid=009)
2026-08-05 17:02:48.881 [0x00006dc0] INFO  LIFECYCLE - [TID-1785920568878-6c80560d] [code=WV00000009] 生命周期: PLC反馈落格(grid=010)
2026-08-05 17:02:48.881 [0x00006dc0] INFO  LIFECYCLE - [TID-1785920568878-6c80560d] [code=WV00000010] 生命周期: PLC反馈落格(grid=011)
2026-08-05 17:03:13.414 [0x00006dc0] INFO  LIFECYCLE - [TID-1785920568878-6c80560d] [code=WV00000003] 生命周期: PLC反馈落格(grid=004) → PLC反馈落格(grid=003)
2026-08-05 17:03:31.407 [0x00006dc0] INFO  LIFECYCLE - [TID-1785920568878-6c80560d] [code=WV00000005] 生命周期: PLC反馈落格(grid=006) → PLC反馈落格(grid=003)
2026-08-05 17:14:26.630 [0x00007af0] INFO  LIFECYCLE - [TID-1785921266628-7a9dda40] [code=WV00000001] 生命周期: PLC反馈落格(grid=002)
2026-08-05 17:14:26.630 [0x00007af0] INFO  LIFECYCLE - [TID-1785921266628-7a9dda40] [code=WV00000002] 生命周期: PLC反馈落格(grid=003)
2026-08-05 17:14:26.630 [0x00007af0] INFO  LIFECYCLE - [TID-1785921266628-7a9dda40] [code=WV00000003] 生命周期: PLC反馈落格(grid=004)
2026-08-05 17:14:26.630 [0x00007af0] INFO  LIFECYCLE - [TID-1785921266628-7a9dda40] [code=WV00000004] 生命周期: PLC反馈落格(grid=005)
2026-08-05 17:14:26.630 [0x00007af0] INFO  LIFECYCLE - [TID-1785921266628-7a9dda40] [code=WV00000005] 生命周期: PLC反馈落格(grid=006)
2026-08-05 17:14:26.630 [0x00007af0] INFO  LIFECYCLE - [TID-1785921266628-7a9dda40] [code=WV00000006] 生命周期: PLC反馈落格(grid=007)
2026-08-05 17:14:26.630 [0x00007af0] INFO  LIFECYCLE - [TID-1785921266628-7a9dda40] [code=WV00000007] 生命周期: PLC反馈落格(grid=008)
2026-08-05 17:14:26.630 [0x00007af0] INFO  LIFECYCLE - [TID-1785921266628-7a9dda40] [code=WV00000008] 生命周期: PLC反馈落格(grid=009)
2026-08-05 17:14:26.630 [0x00007af0] INFO  LIFECYCLE - [TID-1785921266628-7a9dda40] [code=WV00000009] 生命周期: PLC反馈落格(grid=010)
2026-08-05 17:14:26.630 [0x00007af0] INFO  LIFECYCLE - [TID-1785921266628-7a9dda40] [code=WV00000010] 生命周期: PLC反馈落格(grid=011)
2026-08-05 17:15:19.256 [0x000005d4] INFO  LIFECYCLE - [TID-1785921319255-eb7df947] [code=WV0000005] 生命周期: PLC反馈落格(grid=003)
2026-08-05 17:15:41.031 [0x00007af0] INFO  LIFECYCLE - [TID-1785921266628-7a9dda40] [code=WV00000011] 生命周期: PLC反馈落格(grid=003)
2026-08-06 09:27:43.958 [0x00006bb0] INFO  LIFECYCLE - [TID-1785979662135-51567ac1] [code=WV00000001] 生命周期: PLC反馈落格(grid=002)
2026-08-06 09:27:44.159 [0x00006bb0] INFO  LIFECYCLE - [TID-1785979662135-51567ac1] [code=WV00000002] 生命周期: PLC反馈落格(grid=003)
2026-08-06 09:27:44.360 [0x00006bb0] INFO  LIFECYCLE - [TID-1785979662135-51567ac1] [code=WV00000003] 生命周期: PLC反馈落格(grid=004)
2026-08-06 09:27:44.562 [0x00006bb0] INFO  LIFECYCLE - [TID-1785979662135-51567ac1] [code=WV00000004] 生命周期: PLC反馈落格(grid=005)
2026-08-06 09:27:44.762 [0x00006bb0] INFO  LIFECYCLE - [TID-1785979662135-51567ac1] [code=WV00000005] 生命周期: PLC反馈落格(grid=006)
2026-08-06 09:27:44.964 [0x00006bb0] INFO  LIFECYCLE - [TID-1785979662135-51567ac1] [code=WV00000006] 生命周期: PLC反馈落格(grid=007)
2026-08-06 09:27:45.164 [0x00006bb0] INFO  LIFECYCLE - [TID-1785979662135-51567ac1] [code=WV00000007] 生命周期: PLC反馈落格(grid=008)
2026-08-06 09:27:45.365 [0x00006bb0] INFO  LIFECYCLE - [TID-1785979662135-51567ac1] [code=WV00000008] 生命周期: PLC反馈落格(grid=009)
2026-08-06 09:27:45.566 [0x00006bb0] INFO  LIFECYCLE - [TID-1785979662135-51567ac1] [code=WV00000009] 生命周期: PLC反馈落格(grid=010)
2026-08-06 09:27:45.767 [0x00006bb0] INFO  LIFECYCLE - [TID-1785979662135-51567ac1] [code=WV00000010] 生命周期: PLC反馈落格(grid=011)
2026-08-06 09:27:45.968 [0x00006bb0] INFO  LIFECYCLE - [TID-1785979662135-51567ac1] [code=WV00000011] 生命周期: PLC反馈落格(grid=012)
2026-08-06 09:27:46.169 [0x00006bb0] INFO  LIFECYCLE - [TID-1785979662135-51567ac1] [code=WV00000012] 生命周期: PLC反馈落格(grid=013)
2026-08-06 09:27:46.371 [0x00006bb0] INFO  LIFECYCLE - [TID-1785979662135-51567ac1] [code=WV00000013] 生命周期: PLC反馈落格(grid=014)
2026-08-06 09:27:46.571 [0x00006bb0] INFO  LIFECYCLE - [TID-1785979662135-51567ac1] [code=WV00000014] 生命周期: PLC反馈落格(grid=015)
2026-08-06 09:27:46.772 [0x00006bb0] INFO  LIFECYCLE - [TID-1785979662135-51567ac1] [code=WV00000015] 生命周期: PLC反馈落格(grid=016)
2026-08-06 09:27:46.973 [0x00006bb0] INFO  LIFECYCLE - [TID-1785979662135-51567ac1] [code=WV00000016] 生命周期: PLC反馈落格(grid=017)
2026-08-06 09:27:47.174 [0x00006bb0] INFO  LIFECYCLE - [TID-1785979662135-51567ac1] [code=WV00000017] 生命周期: PLC反馈落格(grid=018)
2026-08-06 09:27:47.375 [0x00006bb0] INFO  LIFECYCLE - [TID-1785979662135-51567ac1] [code=WV00000018] 生命周期: PLC反馈落格(grid=019)
2026-08-06 09:27:47.576 [0x00006bb0] INFO  LIFECYCLE - [TID-1785979662135-51567ac1] [code=WV00000019] 生命周期: PLC反馈落格(grid=020)
2026-08-06 09:27:47.777 [0x00006bb0] INFO  LIFECYCLE - [TID-1785979662135-51567ac1] [code=WV00000020] 生命周期: PLC反馈落格(grid=021)
2026-08-06 09:34:13.012 [0x000087e4] INFO  LIFECYCLE - [TID-1785980051208-872e3a63] [code=WV00000001] 生命周期: PLC反馈落格(grid=002)
2026-08-06 09:34:13.213 [0x000087e4] INFO  LIFECYCLE - [TID-1785980051208-872e3a63] [code=WV00000002] 生命周期: PLC反馈落格(grid=003)
2026-08-06 09:34:13.414 [0x000087e4] INFO  LIFECYCLE - [TID-1785980051208-872e3a63] [code=WV00000003] 生命周期: PLC反馈落格(grid=004)
2026-08-06 09:34:13.615 [0x000087e4] INFO  LIFECYCLE - [TID-1785980051208-872e3a63] [code=WV00000004] 生命周期: PLC反馈落格(grid=005)
2026-08-06 09:34:13.816 [0x000087e4] INFO  LIFECYCLE - [TID-1785980051208-872e3a63] [code=WV00000005] 生命周期: PLC反馈落格(grid=006)
2026-08-06 09:34:14.017 [0x000087e4] INFO  LIFECYCLE - [TID-1785980051208-872e3a63] [code=WV00000006] 生命周期: PLC反馈落格(grid=007)
2026-08-06 09:34:14.218 [0x000087e4] INFO  LIFECYCLE - [TID-1785980051208-872e3a63] [code=WV00000007] 生命周期: PLC反馈落格(grid=008)
2026-08-06 09:34:14.419 [0x000087e4] INFO  LIFECYCLE - [TID-1785980051208-872e3a63] [code=WV00000008] 生命周期: PLC反馈落格(grid=009)
2026-08-06 09:34:14.621 [0x000087e4] INFO  LIFECYCLE - [TID-1785980051208-872e3a63] [code=WV00000009] 生命周期: PLC反馈落格(grid=010)
2026-08-06 09:34:14.822 [0x000087e4] INFO  LIFECYCLE - [TID-1785980051208-872e3a63] [code=WV00000010] 生命周期: PLC反馈落格(grid=011)
2026-08-06 09:34:15.023 [0x000087e4] INFO  LIFECYCLE - [TID-1785980051208-872e3a63] [code=WV00000011] 生命周期: PLC反馈落格(grid=012)
2026-08-06 09:34:15.224 [0x000087e4] INFO  LIFECYCLE - [TID-1785980051208-872e3a63] [code=WV00000012] 生命周期: PLC反馈落格(grid=013)
2026-08-06 09:34:15.425 [0x000087e4] INFO  LIFECYCLE - [TID-1785980051208-872e3a63] [code=WV00000013] 生命周期: PLC反馈落格(grid=014)
2026-08-06 09:34:15.627 [0x000087e4] INFO  LIFECYCLE - [TID-1785980051208-872e3a63] [code=WV00000014] 生命周期: PLC反馈落格(grid=015)
2026-08-06 09:34:15.828 [0x000087e4] INFO  LIFECYCLE - [TID-1785980051208-872e3a63] [code=WV00000015] 生命周期: PLC反馈落格(grid=016)
2026-08-06 09:34:16.029 [0x000087e4] INFO  LIFECYCLE - [TID-1785980051208-872e3a63] [code=WV00000016] 生命周期: PLC反馈落格(grid=017)
2026-08-06 09:34:16.230 [0x000087e4] INFO  LIFECYCLE - [TID-1785980051208-872e3a63] [code=WV00000017] 生命周期: PLC反馈落格(grid=018)
2026-08-06 09:34:16.431 [0x000087e4] INFO  LIFECYCLE - [TID-1785980051208-872e3a63] [code=WV00000018] 生命周期: PLC反馈落格(grid=019)
2026-08-06 09:34:16.633 [0x000087e4] INFO  LIFECYCLE - [TID-1785980051208-872e3a63] [code=WV00000019] 生命周期: PLC反馈落格(grid=020)
2026-08-06 09:34:16.833 [0x000087e4] INFO  LIFECYCLE - [TID-1785980051208-872e3a63] [code=WV00000020] 生命周期: PLC反馈落格(grid=021)
