d:\wcs\wcsapp\wcs_httpserver\wcs_httpserver\x64\release\main.obj
d:\wcs\wcsapp\wcs_httpserver\wcs_httpserver\x64\release\log_center.obj
d:\wcs\wcsapp\wcs_httpserver\wcs_httpserver\x64\release\wavemanager.obj
d:\wcs\wcsapp\wcs_httpserver\wcs_httpserver\x64\release\wcs_httpserver.obj
d:\wcs\wcsapp\wcs_httpserver\wcs_httpserver\x64\release\httpserver.obj
d:\wcs\wcsapp\wcs_httpserver\wcs_httpserver\x64\release\siemensplc.obj
d:\wcs\wcsapp\wcs_httpserver\wcs_httpserver\x64\release\parseworker.obj
d:\wcs\wcsapp\wcs_httpserver\wcs_httpserver\x64\release\mainwindow.obj
d:\wcs\wcsapp\wcs_httpserver\wcs_httpserver\x64\release\configmanager.obj
d:\wcs\wcsapp\wcs_httpserver\wcs_httpserver\x64\release\plcmanager.obj
d:\wcs\wcsapp\wcs_httpserver\wcs_httpserver\x64\release\snap7.obj
d:\wcs\wcsapp\wcs_httpserver\wcs_httpserver\x64\release\moc\moc_wcs_httpserver.cpp
d:\wcs\wcsapp\wcs_httpserver\wcs_httpserver\x64\release\moc\moc_configmanager.cpp
d:\wcs\wcsapp\wcs_httpserver\wcs_httpserver\x64\release\moc\moc_lifecyclelogger.cpp
d:\wcs\wcsapp\wcs_httpserver\wcs_httpserver\x64\release\moc\moc_log_center.cpp
d:\wcs\wcsapp\wcs_httpserver\wcs_httpserver\x64\release\moc\moc_wavemanager.cpp
d:\wcs\wcsapp\wcs_httpserver\wcs_httpserver\x64\release\moc\moc_parseworker.cpp
d:\wcs\wcsapp\wcs_httpserver\wcs_httpserver\x64\release\moc\moc_plcmanager.cpp
d:\wcs\wcsapp\wcs_httpserver\wcs_httpserver\x64\release\moc\moc_mainwindow.cpp
d:\wcs\wcsapp\wcs_httpserver\wcs_httpserver\x64\release\moc\moc_httpserver.cpp
d:\wcs\wcsapp\wcs_httpserver\wcs_httpserver\x64\release\moc\moc_httpclient.cpp
d:\wcs\wcsapp\wcs_httpserver\wcs_httpserver\x64\release\rcc\qrc_wcs_httpserver.cpp
d:\wcs\wcsapp\wcs_httpserver\wcs_httpserver\x64\release\uic\ui_wcs_httpserver.h
d:\wcs\wcsapp\wcs_httpserver\wcs_httpserver\x64\release\wcs_httpserver.tlog\cl.28012.write.1.tlog
d:\wcs\wcsapp\wcs_httpserver\wcs_httpserver\x64\release\wcs_httpserver.tlog\cl.command.1.tlog
d:\wcs\wcsapp\wcs_httpserver\wcs_httpserver\x64\release\wcs_httpserver.tlog\cl.read.1.tlog
d:\wcs\wcsapp\wcs_httpserver\wcs_httpserver\x64\release\wcs_httpserver.tlog\moc.read.1u.tlog
d:\wcs\wcsapp\wcs_httpserver\wcs_httpserver\x64\release\wcs_httpserver.tlog\moc.write.1u.tlog
d:\wcs\wcsapp\wcs_httpserver\wcs_httpserver\x64\release\wcs_httpserver.tlog\rcc.read.1u.tlog
d:\wcs\wcsapp\wcs_httpserver\wcs_httpserver\x64\release\wcs_httpserver.tlog\rcc.write.1u.tlog
d:\wcs\wcsapp\wcs_httpserver\wcs_httpserver\x64\release\wcs_httpserver.tlog\uic.read.1u.tlog
d:\wcs\wcsapp\wcs_httpserver\wcs_httpserver\x64\release\wcs_httpserver.tlog\uic.write.1u.tlog
d:\wcs\wcsapp\wcs_httpserver\wcs_httpserver\x64\release\wcs_httpserver.tlog\wcs_httpserver.write.1u.tlog
