2026-09-22 13:08:39.055 [0x0000ba98] INFO  WAVE_MAP - 	========== 波次下发映射 orderCode=PP2026MOCK700 items=6 SKU=6 orderQty=12 映射留痕=全量（limit=5000）==========
2026-09-22 13:08:39.056 [0x0000ba98] INFO  WAVE_MAP - 	[SKU=SK0000000001001] → 计划格口=[001(分类):2件] 格口类型=0 计划合计=2 来源库位=H-01-AB 容器号=
2026-09-22 13:08:39.056 [0x0000ba98] INFO  WAVE_MAP - 	[SKU=SK0000000001002] → 计划格口=[001(分类):2件] 格口类型=0 计划合计=2 来源库位=H-01-AB 容器号=
2026-09-22 13:08:39.056 [0x0000ba98] INFO  WAVE_MAP - 	[SKU=SK0000000002001] → 计划格口=[002(分类):2件] 格口类型=0 计划合计=2 来源库位=H-01-AB 容器号=
2026-09-22 13:08:39.056 [0x0000ba98] INFO  WAVE_MAP - 	[SKU=SK0000000002002] → 计划格口=[002(分类):2件] 格口类型=0 计划合计=2 来源库位=H-01-AB 容器号=
2026-09-22 13:08:39.057 [0x0000ba98] INFO  WAVE_MAP - 	[SKU=SK0000000003001] → 计划格口=[003(分类):2件] 格口类型=0 计划合计=2 来源库位=H-01-AB 容器号=
2026-09-22 13:08:39.057 [0x0000ba98] INFO  WAVE_MAP - 	[SKU=SK0000000003002] → 计划格口=[003(异常):2件] 格口类型=1 计划合计=2 来源库位=H-01-AB 容器号=
2026-09-22 13:08:39.057 [0x0000ba98] INFO  WAVE_MAP - 	========== 波次下发映射结束 orderCode=PP2026MOCK700 SKU=6 本次落行=6 完整映射另见 return_wave_item 表（该波次一行一个 SKU×格口）==========
2026-09-22 13:14:31.125 [0x0000c5ac] INFO  WAVE_MAP - 	========== 波次下发映射 orderCode=PP2026MOCK056 items=6 SKU=6 orderQty=12 映射留痕=全量（limit=5000）==========
2026-09-22 13:14:31.125 [0x0000c5ac] INFO  WAVE_MAP - 	[SKU=SK0000000001001] → 计划格口=[001(分类):2件] 格口类型=0 计划合计=2 来源库位=H-01-AB 容器号=
2026-09-22 13:14:31.125 [0x0000c5ac] INFO  WAVE_MAP - 	[SKU=SK0000000001002] → 计划格口=[001(分类):2件] 格口类型=0 计划合计=2 来源库位=H-01-AB 容器号=
2026-09-22 13:14:31.125 [0x0000c5ac] INFO  WAVE_MAP - 	[SKU=SK0000000002001] → 计划格口=[002(分类):2件] 格口类型=0 计划合计=2 来源库位=H-01-AB 容器号=
2026-09-22 13:14:31.125 [0x0000c5ac] INFO  WAVE_MAP - 	[SKU=SK0000000002002] → 计划格口=[002(分类):2件] 格口类型=0 计划合计=2 来源库位=H-01-AB 容器号=
2026-09-22 13:14:31.126 [0x0000c5ac] INFO  WAVE_MAP - 	[SKU=SK0000000003001] → 计划格口=[003(分类):2件] 格口类型=0 计划合计=2 来源库位=H-01-AB 容器号=
2026-09-22 13:14:31.126 [0x0000c5ac] INFO  WAVE_MAP - 	[SKU=SK0000000003002] → 计划格口=[003(异常):2件] 格口类型=1 计划合计=2 来源库位=H-01-AB 容器号=
2026-09-22 13:14:31.126 [0x0000c5ac] INFO  WAVE_MAP - 	========== 波次下发映射结束 orderCode=PP2026MOCK056 SKU=6 本次落行=6 完整映射另见 return_wave_item 表（该波次一行一个 SKU×格口）==========
2026-09-22 14:22:50.473 [0x0000b7e0] INFO  WAVE_MAP - 	========== 波次下发映射 orderCode=PP2026MOCK157 items=6 SKU=6 orderQty=12 映射留痕=全量（limit=5000）==========
2026-09-22 14:22:50.473 [0x0000b7e0] INFO  WAVE_MAP - 	[SKU=SK0000000001001] → 计划格口=[001(分类):2件] 格口类型=0 计划合计=2 来源库位=H-01-AB 容器号=
2026-09-22 14:22:50.473 [0x0000b7e0] INFO  WAVE_MAP - 	[SKU=SK0000000001002] → 计划格口=[001(分类):2件] 格口类型=0 计划合计=2 来源库位=H-01-AB 容器号=
2026-09-22 14:22:50.473 [0x0000b7e0] INFO  WAVE_MAP - 	[SKU=SK0000000002001] → 计划格口=[002(分类):2件] 格口类型=0 计划合计=2 来源库位=H-01-AB 容器号=
2026-09-22 14:22:50.473 [0x0000b7e0] INFO  WAVE_MAP - 	[SKU=SK0000000002002] → 计划格口=[002(分类):2件] 格口类型=0 计划合计=2 来源库位=H-01-AB 容器号=
2026-09-22 14:22:50.473 [0x0000b7e0] INFO  WAVE_MAP - 	[SKU=SK0000000003001] → 计划格口=[003(分类):2件] 格口类型=0 计划合计=2 来源库位=H-01-AB 容器号=
2026-09-22 14:22:50.473 [0x0000b7e0] INFO  WAVE_MAP - 	[SKU=SK0000000003002] → 计划格口=[003(异常):2件] 格口类型=1 计划合计=2 来源库位=H-01-AB 容器号=
2026-09-22 14:22:50.473 [0x0000b7e0] INFO  WAVE_MAP - 	========== 波次下发映射结束 orderCode=PP2026MOCK157 SKU=6 本次落行=6 完整映射另见 return_wave_item 表（该波次一行一个 SKU×格口）==========
2026-09-26 18:02:44.596 [0x000088a8] INFO  WAVE_MAP - 	========== 波次下发映射 orderCode=PPNB416962 items=5 SKU=3 orderQty=11 映射留痕=全量（limit=5000）==========
2026-09-26 18:02:44.596 [0x000088a8] INFO  WAVE_MAP - 	[SKU=105301083212803] → 计划格口=[034(发货):2件+040(分类):3件] 格口类型=2 计划合计=5 来源库位=H-03-EF 容器号=
2026-09-26 18:02:44.597 [0x000088a8] INFO  WAVE_MAP - 	[SKU=106101134113101] → 计划格口=[034(分类):1件+048(发货):3件] 格口类型=0 计划合计=4 来源库位=H-01-AB 容器号=
2026-09-26 18:02:44.597 [0x000088a8] INFO  WAVE_MAP - 	[SKU=106101134113199] → 计划格口=[035(分类):2件] 格口类型=0 计划合计=2 来源库位=H-02-CD 容器号=
2026-09-26 18:02:44.597 [0x000088a8] INFO  WAVE_MAP - 	========== 波次下发映射结束 orderCode=PPNB416962 SKU=3 本次落行=3 完整映射另见 return_wave_item 表（该波次一行一个 SKU×格口）==========
2026-09-26 18:07:09.245 [0x000080d8] INFO  WAVE_MAP - 	========== 波次下发映射 orderCode=PPUT417226 items=4 SKU=2 orderQty=8 映射留痕=全量（limit=5000）==========
2026-09-26 18:07:09.245 [0x000080d8] INFO  WAVE_MAP - 	[SKU=105301083212803] → 计划格口=[034(发货):3件] 格口类型=0 计划合计=3 来源库位=H-02-CD 容器号=
2026-09-26 18:07:09.245 [0x000080d8] INFO  WAVE_MAP - 	[SKU=106101134113101] → 计划格口=[034(发货):5件] 格口类型=0 计划合计=5 来源库位=H-01-AB 容器号=
2026-09-26 18:07:09.245 [0x000080d8] INFO  WAVE_MAP - 	========== 波次下发映射结束 orderCode=PPUT417226 SKU=2 本次落行=2 完整映射另见 return_wave_item 表（该波次一行一个 SKU×格口）==========
2026-09-26 18:11:04.106 [0x000066c0] INFO  WAVE_MAP - 	========== 波次下发映射 orderCode=PPUT417461 items=4 SKU=2 orderQty=8 映射留痕=全量（limit=5000）==========
2026-09-26 18:11:04.107 [0x000066c0] INFO  WAVE_MAP - 	[SKU=105301083212803] → 计划格口=[034(发货):3件] 格口类型=0 计划合计=3 来源库位=H-02-CD 容器号=
2026-09-26 18:11:04.107 [0x000066c0] INFO  WAVE_MAP - 	[SKU=106101134113101] → 计划格口=[034(发货):5件] 格口类型=0 计划合计=5 来源库位=H-01-AB 容器号=
2026-09-26 18:11:04.107 [0x000066c0] INFO  WAVE_MAP - 	========== 波次下发映射结束 orderCode=PPUT417461 SKU=2 本次落行=2 完整映射另见 return_wave_item 表（该波次一行一个 SKU×格口）==========
2026-09-26 18:14:40.495 [0x000065a4] INFO  WAVE_MAP - 	========== 波次下发映射 orderCode=PPUT417677 items=4 SKU=2 orderQty=8 映射留痕=全量（limit=5000）==========
2026-09-26 18:14:40.495 [0x000065a4] INFO  WAVE_MAP - 	[SKU=105301083212803] → 计划格口=[034(发货):3件] 格口类型=0 计划合计=3 来源库位=H-02-CD 容器号=
2026-09-26 18:14:40.495 [0x000065a4] INFO  WAVE_MAP - 	[SKU=106101134113101] → 计划格口=[034(发货):5件] 格口类型=0 计划合计=5 来源库位=H-01-AB 容器号=
2026-09-26 18:14:40.495 [0x000065a4] INFO  WAVE_MAP - 	========== 波次下发映射结束 orderCode=PPUT417677 SKU=2 本次落行=2 完整映射另见 return_wave_item 表（该波次一行一个 SKU×格口）==========
2026-09-26 18:17:38.589 [0x00006f34] INFO  WAVE_MAP - 	========== 波次下发映射 orderCode=PPNB417856 items=5 SKU=3 orderQty=11 映射留痕=全量（limit=5000）==========
2026-09-26 18:17:38.589 [0x00006f34] INFO  WAVE_MAP - 	[SKU=105301083212803] → 计划格口=[034(发货):2件+040(分类):3件] 格口类型=2 计划合计=5 来源库位=H-03-EF 容器号=
2026-09-26 18:17:38.589 [0x00006f34] INFO  WAVE_MAP - 	[SKU=106101134113101] → 计划格口=[034(分类):1件+048(发货):3件] 格口类型=0 计划合计=4 来源库位=H-01-AB 容器号=
2026-09-26 18:17:38.589 [0x00006f34] INFO  WAVE_MAP - 	[SKU=106101134113199] → 计划格口=[035(分类):2件] 格口类型=0 计划合计=2 来源库位=H-02-CD 容器号=
2026-09-26 18:17:38.589 [0x00006f34] INFO  WAVE_MAP - 	========== 波次下发映射结束 orderCode=PPNB417856 SKU=3 本次落行=3 完整映射另见 return_wave_item 表（该波次一行一个 SKU×格口）==========
2026-09-26 18:18:45.343 [0x0000404c] INFO  WAVE_MAP - 	========== 波次下发映射 orderCode=PPE2E417923 items=2 SKU=1 orderQty=4 映射留痕=全量（limit=5000）==========
2026-09-26 18:18:45.344 [0x0000404c] INFO  WAVE_MAP - 	[SKU=106101134113101] → 计划格口=[034(分类):1件+048(发货):3件] 格口类型=0 计划合计=4 来源库位=H-01-AB 容器号=
2026-09-26 18:18:45.344 [0x0000404c] INFO  WAVE_MAP - 	========== 波次下发映射结束 orderCode=PPE2E417923 SKU=1 本次落行=1 完整映射另见 return_wave_item 表（该波次一行一个 SKU×格口）==========
2026-09-26 18:21:29.413 [0x000023d4] INFO  WAVE_MAP - 	========== 波次下发映射 orderCode=PPNB418087 items=5 SKU=3 orderQty=11 映射留痕=全量（limit=5000）==========
2026-09-26 18:21:29.413 [0x000023d4] INFO  WAVE_MAP - 	[SKU=105301083212803] → 计划格口=[034(发货):2件+040(分类):3件] 格口类型=2 计划合计=5 来源库位=H-03-EF 容器号=
2026-09-26 18:21:29.413 [0x000023d4] INFO  WAVE_MAP - 	[SKU=106101134113101] → 计划格口=[034(分类):1件+048(发货):3件] 格口类型=0 计划合计=4 来源库位=H-01-AB 容器号=
2026-09-26 18:21:29.413 [0x000023d4] INFO  WAVE_MAP - 	[SKU=106101134113199] → 计划格口=[035(分类):2件] 格口类型=0 计划合计=2 来源库位=H-02-CD 容器号=
2026-09-26 18:21:29.414 [0x000023d4] INFO  WAVE_MAP - 	========== 波次下发映射结束 orderCode=PPNB418087 SKU=3 本次落行=3 完整映射另见 return_wave_item 表（该波次一行一个 SKU×格口）==========
2026-09-26 18:22:39.759 [0x00007868] INFO  WAVE_MAP - 	========== 波次下发映射 orderCode=PPE2E418158 items=2 SKU=1 orderQty=4 映射留痕=全量（limit=5000）==========
2026-09-26 18:22:39.759 [0x00007868] INFO  WAVE_MAP - 	[SKU=106101134113101] → 计划格口=[034(分类):1件+048(发货):3件] 格口类型=0 计划合计=4 来源库位=H-01-AB 容器号=
2026-09-26 18:22:39.759 [0x00007868] INFO  WAVE_MAP - 	========== 波次下发映射结束 orderCode=PPE2E418158 SKU=1 本次落行=1 完整映射另见 return_wave_item 表（该波次一行一个 SKU×格口）==========
2026-09-26 18:24:52.205 [0x00007d70] INFO  WAVE_MAP - 	========== 波次下发映射 orderCode=PPNB418290 items=5 SKU=3 orderQty=11 映射留痕=全量（limit=5000）==========
2026-09-26 18:24:52.205 [0x00007d70] INFO  WAVE_MAP - 	[SKU=105301083212803] → 计划格口=[034(发货):2件+040(分类):3件] 格口类型=2 计划合计=5 来源库位=H-03-EF 容器号=
2026-09-26 18:24:52.205 [0x00007d70] INFO  WAVE_MAP - 	[SKU=106101134113101] → 计划格口=[034(分类):1件+048(发货):3件] 格口类型=0 计划合计=4 来源库位=H-01-AB 容器号=
2026-09-26 18:24:52.205 [0x00007d70] INFO  WAVE_MAP - 	[SKU=106101134113199] → 计划格口=[035(分类):2件] 格口类型=0 计划合计=2 来源库位=H-02-CD 容器号=
2026-09-26 18:24:52.206 [0x00007d70] INFO  WAVE_MAP - 	========== 波次下发映射结束 orderCode=PPNB418290 SKU=3 本次落行=3 完整映射另见 return_wave_item 表（该波次一行一个 SKU×格口）==========
2026-09-26 18:26:45.479 [0x00006b8c] INFO  WAVE_MAP - 	========== 波次下发映射 orderCode=PPNB418403 items=5 SKU=3 orderQty=11 映射留痕=全量（limit=5000）==========
2026-09-26 18:26:45.480 [0x00006b8c] INFO  WAVE_MAP - 	[SKU=105301083212803] → 计划格口=[034(发货):2件+040(分类):3件] 格口类型=2 计划合计=5 来源库位=H-03-EF 容器号=
2026-09-26 18:26:45.480 [0x00006b8c] INFO  WAVE_MAP - 	[SKU=106101134113101] → 计划格口=[034(分类):1件+048(发货):3件] 格口类型=0 计划合计=4 来源库位=H-01-AB 容器号=
2026-09-26 18:26:45.480 [0x00006b8c] INFO  WAVE_MAP - 	[SKU=106101134113199] → 计划格口=[035(分类):2件] 格口类型=0 计划合计=2 来源库位=H-02-CD 容器号=
2026-09-26 18:26:45.480 [0x00006b8c] INFO  WAVE_MAP - 	========== 波次下发映射结束 orderCode=PPNB418403 SKU=3 本次落行=3 完整映射另见 return_wave_item 表（该波次一行一个 SKU×格口）==========
2026-09-26 18:28:41.472 [0x000082a8] INFO  WAVE_MAP - 	========== 波次下发映射 orderCode=E2E0926182841 items=3 SKU=3 orderQty=6 映射留痕=全量（limit=5000）==========
2026-09-26 18:28:41.473 [0x000082a8] INFO  WAVE_MAP - 	[SKU=SK0000000001001] → 计划格口=[001(分类):2件] 格口类型=0 计划合计=2 来源库位=H-01-AB 容器号=
2026-09-26 18:28:41.473 [0x000082a8] INFO  WAVE_MAP - 	[SKU=SK0000000002001] → 计划格口=[002(分类):2件] 格口类型=0 计划合计=2 来源库位=H-01-AB 容器号=
2026-09-26 18:28:41.473 [0x000082a8] INFO  WAVE_MAP - 	[SKU=SK0000000003001] → 计划格口=[003(异常):2件] 格口类型=1 计划合计=2 来源库位=H-01-AB 容器号=
2026-09-26 18:28:41.473 [0x000082a8] INFO  WAVE_MAP - 	========== 波次下发映射结束 orderCode=E2E0926182841 SKU=3 本次落行=3 完整映射另见 return_wave_item 表（该波次一行一个 SKU×格口）==========
2026-09-26 18:29:02.481 [0x00001248] INFO  WAVE_MAP - 	========== 波次下发映射 orderCode=PPISOA18542 items=2 SKU=1 orderQty=2 映射留痕=全量（limit=5000）==========
2026-09-26 18:29:02.481 [0x00001248] INFO  WAVE_MAP - 	[SKU=106101134113101] → 计划格口=[034(分类):1件+048(发货):1件] 格口类型=0 计划合计=2 来源库位=H-01-AB 容器号=
2026-09-26 18:29:02.481 [0x00001248] INFO  WAVE_MAP - 	========== 波次下发映射结束 orderCode=PPISOA18542 SKU=1 本次落行=1 完整映射另见 return_wave_item 表（该波次一行一个 SKU×格口）==========
2026-09-26 18:29:16.489 [0x00001248] INFO  WAVE_MAP - 	========== 波次下发映射 orderCode=PPISOB18542 items=2 SKU=1 orderQty=4 映射留痕=全量（limit=5000）==========
2026-09-26 18:29:16.489 [0x00001248] INFO  WAVE_MAP - 	[SKU=115101001502703] → 计划格口=[034(分类):2件+048(发货):2件] 格口类型=0 计划合计=4 来源库位=H-01-AB 容器号=
2026-09-26 18:29:16.489 [0x00001248] INFO  WAVE_MAP - 	========== 波次下发映射结束 orderCode=PPISOB18542 SKU=1 本次落行=1 完整映射另见 return_wave_item 表（该波次一行一个 SKU×格口）==========
2026-09-26 18:29:26.637 [0x00001248] INFO  WAVE_MAP - 	========== 波次下发映射 orderCode=PPISOC18566 items=2 SKU=1 orderQty=4 映射留痕=全量（limit=5000）==========
2026-09-26 18:29:26.637 [0x00001248] INFO  WAVE_MAP - 	[SKU=106101134113101] → 计划格口=[034(分类):2件+048(发货):2件] 格口类型=0 计划合计=4 来源库位=H-01-AB 容器号=
2026-09-26 18:29:26.637 [0x00001248] INFO  WAVE_MAP - 	========== 波次下发映射结束 orderCode=PPISOC18566 SKU=1 本次落行=1 完整映射另见 return_wave_item 表（该波次一行一个 SKU×格口）==========
2026-09-26 18:29:46.879 [0x00002cf4] INFO  WAVE_MAP - 	========== 波次下发映射 orderCode=PPRPA18586 items=2 SKU=1 orderQty=2 映射留痕=全量（limit=5000）==========
2026-09-26 18:29:46.879 [0x00002cf4] INFO  WAVE_MAP - 	[SKU=106101134113101] → 计划格口=[034(分类):1件+048(发货):1件] 格口类型=0 计划合计=2 来源库位=H-01-AB 容器号=
2026-09-26 18:29:46.879 [0x00002cf4] INFO  WAVE_MAP - 	========== 波次下发映射结束 orderCode=PPRPA18586 SKU=1 本次落行=1 完整映射另见 return_wave_item 表（该波次一行一个 SKU×格口）==========
2026-09-26 18:29:56.885 [0x00002cf4] INFO  WAVE_MAP - 	========== 波次下发映射 orderCode=PPRPB18586 items=2 SKU=1 orderQty=2 映射留痕=全量（limit=5000）==========
2026-09-26 18:29:56.885 [0x00002cf4] INFO  WAVE_MAP - 	[SKU=115101001502703] → 计划格口=[035(分类):1件+049(发货):1件] 格口类型=0 计划合计=2 来源库位=H-01-AB 容器号=
2026-09-26 18:29:56.885 [0x00002cf4] INFO  WAVE_MAP - 	========== 波次下发映射结束 orderCode=PPRPB18586 SKU=1 本次落行=1 完整映射另见 return_wave_item 表（该波次一行一个 SKU×格口）==========
2026-09-26 18:30:14.372 [0x0000871c] INFO  WAVE_MAP - 	========== 波次下发映射 orderCode=PPRGA18614 items=3 SKU=1 orderQty=6 映射留痕=全量（limit=5000）==========
2026-09-26 18:30:14.372 [0x0000871c] INFO  WAVE_MAP - 	[SKU=SKU_老格式] → 计划格口=[035(分类):1件+036(分类):2件+037(分类):3件] 格口类型=普通格口 计划合计=6 来源库位= 容器号=
2026-09-26 18:30:14.372 [0x0000871c] INFO  WAVE_MAP - 	========== 波次下发映射结束 orderCode=PPRGA18614 SKU=1 本次落行=1 完整映射另见 return_wave_item 表（该波次一行一个 SKU×格口）==========
2026-09-26 18:32:35.157 [0x00007d20] INFO  WAVE_MAP - 	========== 波次下发映射 orderCode=E2E0926183234 items=3 SKU=3 orderQty=6 映射留痕=全量（limit=5000）==========
2026-09-26 18:32:35.158 [0x00007d20] INFO  WAVE_MAP - 	[SKU=SK0000000001001] → 计划格口=[001(分类):2件] 格口类型=0 计划合计=2 来源库位=H-01-AB 容器号=
2026-09-26 18:32:35.158 [0x00007d20] INFO  WAVE_MAP - 	[SKU=SK0000000002001] → 计划格口=[002(分类):2件] 格口类型=0 计划合计=2 来源库位=H-01-AB 容器号=
2026-09-26 18:32:35.158 [0x00007d20] INFO  WAVE_MAP - 	[SKU=SK0000000003001] → 计划格口=[003(异常):2件] 格口类型=1 计划合计=2 来源库位=H-01-AB 容器号=
2026-09-26 18:32:35.158 [0x00007d20] INFO  WAVE_MAP - 	========== 波次下发映射结束 orderCode=E2E0926183234 SKU=3 本次落行=3 完整映射另见 return_wave_item 表（该波次一行一个 SKU×格口）==========
2026-09-26 18:32:55.561 [0x000048bc] INFO  WAVE_MAP - 	========== 波次下发映射 orderCode=PPISOA18775 items=2 SKU=1 orderQty=2 映射留痕=全量（limit=5000）==========
2026-09-26 18:32:55.561 [0x000048bc] INFO  WAVE_MAP - 	[SKU=106101134113101] → 计划格口=[034(分类):1件+048(发货):1件] 格口类型=0 计划合计=2 来源库位=H-01-AB 容器号=
2026-09-26 18:32:55.561 [0x000048bc] INFO  WAVE_MAP - 	========== 波次下发映射结束 orderCode=PPISOA18775 SKU=1 本次落行=1 完整映射另见 return_wave_item 表（该波次一行一个 SKU×格口）==========
2026-09-26 18:33:09.567 [0x000048bc] INFO  WAVE_MAP - 	========== 波次下发映射 orderCode=PPISOB18775 items=2 SKU=1 orderQty=4 映射留痕=全量（limit=5000）==========
2026-09-26 18:33:09.567 [0x000048bc] INFO  WAVE_MAP - 	[SKU=115101001502703] → 计划格口=[034(分类):2件+048(发货):2件] 格口类型=0 计划合计=4 来源库位=H-01-AB 容器号=
2026-09-26 18:33:09.567 [0x000048bc] INFO  WAVE_MAP - 	========== 波次下发映射结束 orderCode=PPISOB18775 SKU=1 本次落行=1 完整映射另见 return_wave_item 表（该波次一行一个 SKU×格口）==========
2026-09-26 18:33:20.209 [0x000048bc] INFO  WAVE_MAP - 	========== 波次下发映射 orderCode=PPISOC18800 items=2 SKU=1 orderQty=4 映射留痕=全量（limit=5000）==========
2026-09-26 18:33:20.209 [0x000048bc] INFO  WAVE_MAP - 	[SKU=106101134113101] → 计划格口=[034(分类):2件+048(发货):2件] 格口类型=0 计划合计=4 来源库位=H-01-AB 容器号=
2026-09-26 18:33:20.209 [0x000048bc] INFO  WAVE_MAP - 	========== 波次下发映射结束 orderCode=PPISOC18800 SKU=1 本次落行=1 完整映射另见 return_wave_item 表（该波次一行一个 SKU×格口）==========
2026-09-26 18:33:40.178 [0x00007ca0] INFO  WAVE_MAP - 	========== 波次下发映射 orderCode=PPRGA18820 items=3 SKU=1 orderQty=6 映射留痕=全量（limit=5000）==========
2026-09-26 18:33:40.178 [0x00007ca0] INFO  WAVE_MAP - 	[SKU=SKU_老格式] → 计划格口=[035(分类):1件+036(分类):2件+037(分类):3件] 格口类型=普通格口 计划合计=6 来源库位= 容器号=
2026-09-26 18:33:40.178 [0x00007ca0] INFO  WAVE_MAP - 	========== 波次下发映射结束 orderCode=PPRGA18820 SKU=1 本次落行=1 完整映射另见 return_wave_item 表（该波次一行一个 SKU×格口）==========
2026-09-26 18:34:41.440 [0x00007b5c] INFO  WAVE_MAP - 	========== 波次下发映射 orderCode=E2E0926183441 items=3 SKU=3 orderQty=6 映射留痕=全量（limit=5000）==========
2026-09-26 18:34:41.440 [0x00007b5c] INFO  WAVE_MAP - 	[SKU=SK0000000001001] → 计划格口=[001(分类):2件] 格口类型=0 计划合计=2 来源库位=H-01-AB 容器号=
2026-09-26 18:34:41.440 [0x00007b5c] INFO  WAVE_MAP - 	[SKU=SK0000000002001] → 计划格口=[002(分类):2件] 格口类型=0 计划合计=2 来源库位=H-01-AB 容器号=
2026-09-26 18:34:41.440 [0x00007b5c] INFO  WAVE_MAP - 	[SKU=SK0000000003001] → 计划格口=[003(异常):2件] 格口类型=1 计划合计=2 来源库位=H-01-AB 容器号=
2026-09-26 18:34:41.440 [0x00007b5c] INFO  WAVE_MAP - 	========== 波次下发映射结束 orderCode=E2E0926183441 SKU=3 本次落行=3 完整映射另见 return_wave_item 表（该波次一行一个 SKU×格口）==========
2026-09-26 18:36:03.171 [0x00008840] INFO  WAVE_MAP - 	========== 波次下发映射 orderCode=E2E0926183603 items=3 SKU=3 orderQty=6 映射留痕=全量（limit=5000）==========
2026-09-26 18:36:03.171 [0x00008840] INFO  WAVE_MAP - 	[SKU=SK0000000001001] → 计划格口=[001(分类):2件] 格口类型=0 计划合计=2 来源库位=H-01-AB 容器号=
2026-09-26 18:36:03.171 [0x00008840] INFO  WAVE_MAP - 	[SKU=SK0000000002001] → 计划格口=[002(分类):2件] 格口类型=0 计划合计=2 来源库位=H-01-AB 容器号=
2026-09-26 18:36:03.171 [0x00008840] INFO  WAVE_MAP - 	[SKU=SK0000000003001] → 计划格口=[003(异常):2件] 格口类型=1 计划合计=2 来源库位=H-01-AB 容器号=
2026-09-26 18:36:03.171 [0x00008840] INFO  WAVE_MAP - 	========== 波次下发映射结束 orderCode=E2E0926183603 SKU=3 本次落行=3 完整映射另见 return_wave_item 表（该波次一行一个 SKU×格口）==========
2026-09-26 18:36:32.893 [0x00008234] INFO  WAVE_MAP - 	========== 波次下发映射 orderCode=PPRPA18992 items=2 SKU=1 orderQty=2 映射留痕=全量（limit=5000）==========
2026-09-26 18:36:32.893 [0x00008234] INFO  WAVE_MAP - 	[SKU=106101134113101] → 计划格口=[034(分类):1件+048(发货):1件] 格口类型=0 计划合计=2 来源库位=H-01-AB 容器号=
2026-09-26 18:36:32.893 [0x00008234] INFO  WAVE_MAP - 	========== 波次下发映射结束 orderCode=PPRPA18992 SKU=1 本次落行=1 完整映射另见 return_wave_item 表（该波次一行一个 SKU×格口）==========
2026-09-26 18:36:42.898 [0x00008234] INFO  WAVE_MAP - 	========== 波次下发映射 orderCode=PPRPB18992 items=2 SKU=1 orderQty=2 映射留痕=全量（limit=5000）==========
2026-09-26 18:36:42.898 [0x00008234] INFO  WAVE_MAP - 	[SKU=115101001502703] → 计划格口=[035(分类):1件+049(发货):1件] 格口类型=0 计划合计=2 来源库位=H-01-AB 容器号=
2026-09-26 18:36:42.898 [0x00008234] INFO  WAVE_MAP - 	========== 波次下发映射结束 orderCode=PPRPB18992 SKU=1 本次落行=1 完整映射另见 return_wave_item 表（该波次一行一个 SKU×格口）==========
2026-09-26 18:37:36.485 [0x000085f4] INFO  WAVE_MAP - 	========== 波次下发映射 orderCode=E2E0926183736 items=3 SKU=3 orderQty=6 映射留痕=全量（limit=5000）==========
2026-09-26 18:37:36.485 [0x000085f4] INFO  WAVE_MAP - 	[SKU=SK0000000001001] → 计划格口=[001(分类):2件] 格口类型=0 计划合计=2 来源库位=H-01-AB 容器号=
2026-09-26 18:37:36.485 [0x000085f4] INFO  WAVE_MAP - 	[SKU=SK0000000002001] → 计划格口=[002(分类):2件] 格口类型=0 计划合计=2 来源库位=H-01-AB 容器号=
2026-09-26 18:37:36.485 [0x000085f4] INFO  WAVE_MAP - 	[SKU=SK0000000003001] → 计划格口=[003(异常):2件] 格口类型=1 计划合计=2 来源库位=H-01-AB 容器号=
2026-09-26 18:37:36.485 [0x000085f4] INFO  WAVE_MAP - 	========== 波次下发映射结束 orderCode=E2E0926183736 SKU=3 本次落行=3 完整映射另见 return_wave_item 表（该波次一行一个 SKU×格口）==========
2026-09-26 18:54:04.577 [0x00006ce8] INFO  WAVE_MAP - 	========== 波次下发映射 orderCode=PPFB420041 items=1 SKU=1 orderQty=2 映射留痕=全量（limit=5000）==========
2026-09-26 18:54:04.578 [0x00006ce8] INFO  WAVE_MAP - 	[SKU=106101134113101] → 计划格口=[034(分类):2件] 格口类型=0 计划合计=2 来源库位=H-01-AB 容器号=
2026-09-26 18:54:04.578 [0x00006ce8] INFO  WAVE_MAP - 	========== 波次下发映射结束 orderCode=PPFB420041 SKU=1 本次落行=1 完整映射另见 return_wave_item 表（该波次一行一个 SKU×格口）==========
2026-09-26 19:01:34.077 [0x000078fc] INFO  WAVE_MAP - 	========== 波次下发映射 orderCode=PPFB420491 items=1 SKU=1 orderQty=2 映射留痕=全量（limit=5000）==========
2026-09-26 19:01:34.077 [0x000078fc] INFO  WAVE_MAP - 	[SKU=106101134113101] → 计划格口=[034(分类):2件] 格口类型=0 计划合计=2 来源库位=H-01-AB 容器号=
2026-09-26 19:01:34.077 [0x000078fc] INFO  WAVE_MAP - 	========== 波次下发映射结束 orderCode=PPFB420491 SKU=1 本次落行=1 完整映射另见 return_wave_item 表（该波次一行一个 SKU×格口）==========
2026-09-26 19:04:15.654 [0x00008384] INFO  WAVE_MAP - 	========== 波次下发映射 orderCode=PPFB420652 items=1 SKU=1 orderQty=2 映射留痕=全量（limit=5000）==========
2026-09-26 19:04:15.654 [0x00008384] INFO  WAVE_MAP - 	[SKU=106101134113101] → 计划格口=[034(分类):2件] 格口类型=0 计划合计=2 来源库位=H-01-AB 容器号=
2026-09-26 19:04:15.654 [0x00008384] INFO  WAVE_MAP - 	========== 波次下发映射结束 orderCode=PPFB420652 SKU=1 本次落行=1 完整映射另见 return_wave_item 表（该波次一行一个 SKU×格口）==========
2026-09-26 19:05:39.568 [0x00007420] INFO  WAVE_MAP - 	========== 波次下发映射 orderCode=PPFB420736 items=1 SKU=1 orderQty=2 映射留痕=全量（limit=5000）==========
2026-09-26 19:05:39.569 [0x00007420] INFO  WAVE_MAP - 	[SKU=106101134113101] → 计划格口=[034(分类):2件] 格口类型=0 计划合计=2 来源库位=H-01-AB 容器号=
2026-09-26 19:05:39.569 [0x00007420] INFO  WAVE_MAP - 	========== 波次下发映射结束 orderCode=PPFB420736 SKU=1 本次落行=1 完整映射另见 return_wave_item 表（该波次一行一个 SKU×格口）==========
2026-09-26 19:07:40.118 [0x00006614] INFO  WAVE_MAP - 	========== 波次下发映射 orderCode=PPFB420857 items=1 SKU=1 orderQty=2 映射留痕=全量（limit=5000）==========
2026-09-26 19:07:40.118 [0x00006614] INFO  WAVE_MAP - 	[SKU=106101134113101] → 计划格口=[034(分类):2件] 格口类型=0 计划合计=2 来源库位=H-01-AB 容器号=
2026-09-26 19:07:40.118 [0x00006614] INFO  WAVE_MAP - 	========== 波次下发映射结束 orderCode=PPFB420857 SKU=1 本次落行=1 完整映射另见 return_wave_item 表（该波次一行一个 SKU×格口）==========
